---
source: crates/web/pack.rs
expression: result
---
# Crawl Pack: example.com

This file contains 2 pages from `example.com`, packed for LLM consumption.

---

## File: a.md

Source: https://example.com/a

````markdown
Hello world
````

## File: b.md

Source: https://example.com/b

````markdown
Second page
````
